---
source: src/lib.rs
description: "func multiple_params(a Int32, bb Float32, ccc Bool) = ()"
expression: ast.unwrap()
input_file: tests/parser/function_signatures/multiple_params.pr
snapshot_kind: text
---
- Function:
    name: multiple_params
    generics: ~
    params:
      - name: a
        ty:
          Primitive:
            name:
              base: Int32
              segments: []
            generics: ~
      - name: bb
        ty:
          Primitive:
            name:
              base: Float32
              segments: []
            generics: ~
      - name: ccc
        ty:
          Primitive:
            name:
              base: Bool
              segments: []
            generics: ~
    return_ty: ~
    body:
      Tuple: []
