---
source: src/lib.rs
description: "func empty_function() {}"
expression: ast.unwrap()
input_file: tests/parser/empty_function.pr
snapshot_kind: text
---
- Function:
    name: empty_function
    params: []
    return_ty: ~
    body:
      statements: []
      return_expr: ~
