---
source: src/lib.rs
description: func empty_function() = ()
expression: ast.unwrap()
input_file: tests/parser/function_signatures/empty.pr
snapshot_kind: text
---
- Function:
    name: empty_function
    params: []
    return_ty: ~
    body:
      Tuple: []
